--------------------------------------------------------------------------------
Release 14.7 Trace  (nt64)
Copyright (c) 1995-2013 Xilinx, Inc.  All rights reserved.

C:\Xilinx\14.7\ISE_DS\ISE\bin\nt64\unwrapped\trce.exe -intstyle ise -v 3 -s 3
-n 3 -fastpaths -xml n6480.twx n6480.ncd -o n6480.twr n6480.pcf -ucf n6480.ucf

Design file:              n6480.ncd
Physical constraint file: n6480.pcf
Device,package,speed:     xc6slx4,cpg196,C,-3 (PRODUCTION 1.23 2013-10-13)
Report level:             verbose report

Environment Variable      Effect 
--------------------      ------ 
NONE                      No environment variables were set
--------------------------------------------------------------------------------

INFO:Timing:2698 - No timing constraints found, doing default enumeration.
INFO:Timing:3412 - To improve timing, see the Timing Closure User Guide (UG612).
INFO:Timing:2752 - To get complete path coverage, use the unconstrained paths 
   option. All paths that are not constrained will be reported in the 
   unconstrained paths section(s) of the report.
INFO:Timing:3339 - The clock-to-out numbers in this timing report are based on 
   a 50 Ohm transmission line loading model.  For the details of this model, 
   and for more information on accounting for different loading conditions, 
   please see the device datasheet.



Data Sheet report:
-----------------
All values displayed in nanoseconds (ns)

Setup/Hold to clock n64_clock
------------+------------+------------+------------+------------+------------------+--------+
            |Max Setup to|  Process   |Max Hold to |  Process   |                  | Clock  |
Source      | clk (edge) |   Corner   | clk (edge) |   Corner   |Internal Clock(s) | Phase  |
------------+------------+------------+------------+------------+------------------+--------+
n64_data<1> |    2.685(F)|      SLOW  |    0.398(F)|      SLOW  |n64_clock_BUFGP   |   0.000|
n64_data<2> |    2.597(F)|      SLOW  |   -0.824(F)|      SLOW  |n64_clock_BUFGP   |   0.000|
n64_data<3> |    1.177(F)|      SLOW  |    0.413(F)|      SLOW  |n64_clock_BUFGP   |   0.000|
n64_data<4> |    1.076(F)|      SLOW  |    0.347(F)|      SLOW  |n64_clock_BUFGP   |   0.000|
n64_data<5> |    0.867(F)|      SLOW  |    0.309(F)|      SLOW  |n64_clock_BUFGP   |   0.000|
n64_data<6> |    1.391(F)|      SLOW  |    0.342(F)|      SLOW  |n64_clock_BUFGP   |   0.000|
n64_dsync_n |    1.787(F)|      SLOW  |   -0.417(F)|      FAST  |n64_clock_BUFGP   |   0.000|
------------+------------+------------+------------+------------+------------------+--------+

Clock n64_clock to Pad
------------+-----------------+------------+-----------------+------------+------------------+--------+
            |Max (slowest) clk|  Process   |Min (fastest) clk|  Process   |                  | Clock  |
Destination |  (edge) to PAD  |   Corner   |  (edge) to PAD  |   Corner   |Internal Clock(s) | Phase  |
------------+-----------------+------------+-----------------+------------+------------------+--------+
led<2>      |         8.247(F)|      SLOW  |         4.378(F)|      FAST  |n64_clock_BUFGP   |   0.000|
led<3>      |         7.698(F)|      SLOW  |         4.075(F)|      FAST  |n64_clock_BUFGP   |   0.000|
vga_blank   |         7.208(R)|      SLOW  |         3.721(R)|      FAST  |n64_clock_BUFGP   |   0.000|
vga_blue<0> |         6.762(R)|      SLOW  |         3.386(R)|      FAST  |n64_clock_BUFGP   |   0.000|
vga_blue<1> |         6.929(R)|      SLOW  |         3.515(R)|      FAST  |n64_clock_BUFGP   |   0.000|
vga_blue<2> |         6.695(R)|      SLOW  |         3.327(R)|      FAST  |n64_clock_BUFGP   |   0.000|
vga_blue<3> |         6.550(R)|      SLOW  |         3.255(R)|      FAST  |n64_clock_BUFGP   |   0.000|
vga_blue<4> |         6.595(R)|      SLOW  |         3.280(R)|      FAST  |n64_clock_BUFGP   |   0.000|
vga_blue<5> |         6.740(R)|      SLOW  |         3.352(R)|      FAST  |n64_clock_BUFGP   |   0.000|
vga_blue<6> |         7.773(R)|      SLOW  |         3.977(R)|      FAST  |n64_clock_BUFGP   |   0.000|
vga_blue<7> |         7.802(R)|      SLOW  |         3.994(R)|      FAST  |n64_clock_BUFGP   |   0.000|
vga_blue<8> |         8.120(R)|      SLOW  |         4.182(R)|      FAST  |n64_clock_BUFGP   |   0.000|
vga_blue<9> |         7.822(R)|      SLOW  |         4.005(R)|      FAST  |n64_clock_BUFGP   |   0.000|
vga_clk     |         8.160(R)|      SLOW  |         4.263(R)|      FAST  |n64_clock_BUFGP   |   0.000|
vga_green<0>|         7.854(R)|      SLOW  |         4.041(R)|      FAST  |n64_clock_BUFGP   |   0.000|
vga_green<1>|         8.123(R)|      SLOW  |         4.199(R)|      FAST  |n64_clock_BUFGP   |   0.000|
vga_green<2>|         7.146(R)|      SLOW  |         3.618(R)|      FAST  |n64_clock_BUFGP   |   0.000|
vga_green<3>|         7.133(R)|      SLOW  |         3.612(R)|      FAST  |n64_clock_BUFGP   |   0.000|
vga_green<4>|         6.885(R)|      SLOW  |         3.494(R)|      FAST  |n64_clock_BUFGP   |   0.000|
vga_green<5>|         7.159(R)|      SLOW  |         3.685(R)|      FAST  |n64_clock_BUFGP   |   0.000|
vga_green<6>|         7.011(R)|      SLOW  |         3.554(R)|      FAST  |n64_clock_BUFGP   |   0.000|
vga_green<7>|         6.957(R)|      SLOW  |         3.505(R)|      FAST  |n64_clock_BUFGP   |   0.000|
vga_green<8>|         7.283(R)|      SLOW  |         3.745(R)|      FAST  |n64_clock_BUFGP   |   0.000|
vga_green<9>|         7.337(R)|      SLOW  |         3.745(R)|      FAST  |n64_clock_BUFGP   |   0.000|
vga_hsync   |         6.752(R)|      SLOW  |         3.458(R)|      FAST  |n64_clock_BUFGP   |   0.000|
vga_red<0>  |         7.173(R)|      SLOW  |         3.703(R)|      FAST  |n64_clock_BUFGP   |   0.000|
vga_red<1>  |         7.545(R)|      SLOW  |         3.886(R)|      FAST  |n64_clock_BUFGP   |   0.000|
vga_red<2>  |         7.270(R)|      SLOW  |         3.741(R)|      FAST  |n64_clock_BUFGP   |   0.000|
vga_red<3>  |         7.358(R)|      SLOW  |         3.773(R)|      FAST  |n64_clock_BUFGP   |   0.000|
vga_red<4>  |         6.808(R)|      SLOW  |         3.435(R)|      FAST  |n64_clock_BUFGP   |   0.000|
vga_red<5>  |         6.931(R)|      SLOW  |         3.528(R)|      FAST  |n64_clock_BUFGP   |   0.000|
vga_red<6>  |         6.604(R)|      SLOW  |         3.315(R)|      FAST  |n64_clock_BUFGP   |   0.000|
vga_red<7>  |         6.764(R)|      SLOW  |         3.411(R)|      FAST  |n64_clock_BUFGP   |   0.000|
vga_red<8>  |         7.849(R)|      SLOW  |         4.092(R)|      FAST  |n64_clock_BUFGP   |   0.000|
vga_red<9>  |         7.872(R)|      SLOW  |         4.077(R)|      FAST  |n64_clock_BUFGP   |   0.000|
vga_vsync   |         7.375(R)|      SLOW  |         3.817(R)|      FAST  |n64_clock_BUFGP   |   0.000|
------------+-----------------+------------+-----------------+------------+------------------+--------+

Clock to Setup on destination clock n64_clock
---------------+---------+---------+---------+---------+
               | Src:Rise| Src:Fall| Src:Rise| Src:Fall|
Source Clock   |Dest:Rise|Dest:Rise|Dest:Fall|Dest:Fall|
---------------+---------+---------+---------+---------+
n64_clock      |    5.088|    2.944|         |    3.006|
---------------+---------+---------+---------+---------+


Analysis completed Fri Nov 27 22:48:42 2015 
--------------------------------------------------------------------------------

Trace Settings:
-------------------------
Trace Settings 

Peak Memory Usage: 242 MB



