#-----------------------------------------------------------
# PlanAhead v14.7 (64-bit)
# Build 321239 by xbuild on Fri Sep 27 19:29:51 MDT 2013
# Start of session at: Sun Oct 25 21:38:15 2015
# Process ID: 7636
# Log file: C:/Users/Julian/Development/N6480/ISE/N6480/planAhead_run_2/planAhead.log
# Journal file: C:/Users/Julian/Development/N6480/ISE/N6480/planAhead_run_2/planAhead.jou
#-----------------------------------------------------------
start_gui
source C:/Users/Julian/Development/N6480/ISE/N6480/pa.fromNetlist.tcl
startgroup
set_property package_pin P4 [get_ports {led[3]}]
endgroup
startgroup
set_property package_pin N4 [get_ports {led[2]}]
endgroup
startgroup
set_property package_pin P3 [get_ports {led[1]}]
endgroup
startgroup
set_property package_pin N3 [get_ports {led[0]}]
endgroup
save_constraints
set_property package_pin "" [get_ports [list  {n64_data[6]}]]
startgroup
set_property package_pin P7 [get_ports n64_clock]
endgroup
save_constraints
startgroup
set_property package_pin P7 [get_ports n64_clock]
endgroup
startgroup
set_property package_pin P12 [get_ports n64_dsync_n]
endgroup
startgroup
set_property package_pin N12 [get_ports {n64_data[0]}]
endgroup
save_constraints
startgroup
set_property package_pin L14 [get_ports {n64_data[1]}]
endgroup
startgroup
set_property package_pin L13 [get_ports {n64_data[2]}]
endgroup
startgroup
set_property package_pin K14 [get_ports {n64_data[3]}]
endgroup
startgroup
set_property package_pin K13 [get_ports {n64_data[4]}]
endgroup
set_property package_pin "" [get_ports [list  {n64_data[6]}]]
startgroup
set_property package_pin J14 [get_ports {n64_data[5]}]
endgroup
startgroup
set_property package_pin J13 [get_ports {n64_data[6]}]
endgroup
save_constraints
startgroup
set_property package_pin J13 [get_ports {n64_data[6]}]
endgroup
startgroup
set_property package_pin J13 [get_ports {n64_data[6]}]
endgroup
save_constraints
