--------------------------------------------------------------------------------
Release 14.7 Trace  (lin64)
Copyright (c) 1995-2013 Xilinx, Inc.  All rights reserved.

/opt/Xilinx/14.7/ISE_DS/ISE/bin/lin64/unwrapped/trce -intstyle ise -v 3 -s 2 -n
3 -fastpaths -xml n6480.twx n6480.ncd -o n6480.twr n6480.pcf -ucf n6480.ucf

Design file:              n6480.ncd
Physical constraint file: n6480.pcf
Device,package,speed:     xc6slx4,cpg196,C,-2 (PRODUCTION 1.23 2013-10-13)
Report level:             verbose report

Environment Variable      Effect 
--------------------      ------ 
NONE                      No environment variables were set
--------------------------------------------------------------------------------

INFO:Timing:2698 - No timing constraints found, doing default enumeration.
INFO:Timing:3412 - To improve timing, see the Timing Closure User Guide (UG612).
INFO:Timing:2752 - To get complete path coverage, use the unconstrained paths 
   option. All paths that are not constrained will be reported in the 
   unconstrained paths section(s) of the report.
INFO:Timing:3339 - The clock-to-out numbers in this timing report are based on 
   a 50 Ohm transmission line loading model.  For the details of this model, 
   and for more information on accounting for different loading conditions, 
   please see the device datasheet.



Data Sheet report:
-----------------
All values displayed in nanoseconds (ns)

Setup/Hold to clock n64_clock
------------+------------+------------+------------+------------+------------------+--------+
            |Max Setup to|  Process   |Max Hold to |  Process   |                  | Clock  |
Source      | clk (edge) |   Corner   | clk (edge) |   Corner   |Internal Clock(s) | Phase  |
------------+------------+------------+------------+------------+------------------+--------+
n64_data<1> |    1.559(F)|      SLOW  |    0.413(F)|      SLOW  |n64_clock_BUFGP   |   0.000|
n64_data<2> |    1.671(F)|      SLOW  |    0.108(F)|      SLOW  |n64_clock_BUFGP   |   0.000|
n64_data<3> |    1.979(F)|      SLOW  |    0.237(F)|      SLOW  |n64_clock_BUFGP   |   0.000|
n64_data<4> |    1.721(F)|      SLOW  |    0.085(F)|      SLOW  |n64_clock_BUFGP   |   0.000|
n64_data<5> |    1.298(F)|      SLOW  |    0.392(F)|      SLOW  |n64_clock_BUFGP   |   0.000|
n64_data<6> |    1.650(F)|      SLOW  |    0.466(F)|      SLOW  |n64_clock_BUFGP   |   0.000|
n64_dsync_n |    1.200(F)|      SLOW  |    0.629(F)|      SLOW  |n64_clock_BUFGP   |   0.000|
------------+------------+------------+------------+------------+------------------+--------+

Clock n64_clock to Pad
------------+-----------------+------------+-----------------+------------+------------------+--------+
            |Max (slowest) clk|  Process   |Min (fastest) clk|  Process   |                  | Clock  |
Destination |  (edge) to PAD  |   Corner   |  (edge) to PAD  |   Corner   |Internal Clock(s) | Phase  |
------------+-----------------+------------+-----------------+------------+------------------+--------+
led<0>      |        11.773(F)|      SLOW  |         5.558(F)|      FAST  |n64_clock_BUFGP   |   0.000|
led<2>      |        11.380(F)|      SLOW  |         5.358(F)|      FAST  |n64_clock_BUFGP   |   0.000|
led<3>      |        11.380(F)|      SLOW  |         5.358(F)|      FAST  |n64_clock_BUFGP   |   0.000|
vga_blue<1> |         9.760(F)|      SLOW  |         4.438(F)|      FAST  |n64_clock_BUFGP   |   0.000|
vga_blue<2> |         9.558(F)|      SLOW  |         4.276(F)|      FAST  |n64_clock_BUFGP   |   0.000|
vga_blue<3> |         9.618(F)|      SLOW  |         4.320(F)|      FAST  |n64_clock_BUFGP   |   0.000|
vga_blue<4> |         9.618(F)|      SLOW  |         4.320(F)|      FAST  |n64_clock_BUFGP   |   0.000|
vga_blue<5> |         9.535(F)|      SLOW  |         4.248(F)|      FAST  |n64_clock_BUFGP   |   0.000|
vga_blue<6> |         9.535(F)|      SLOW  |         4.248(F)|      FAST  |n64_clock_BUFGP   |   0.000|
vga_green<1>|         9.593(F)|      SLOW  |         4.294(F)|      FAST  |n64_clock_BUFGP   |   0.000|
vga_green<2>|         9.548(F)|      SLOW  |         4.266(F)|      FAST  |n64_clock_BUFGP   |   0.000|
vga_green<3>|         9.548(F)|      SLOW  |         4.266(F)|      FAST  |n64_clock_BUFGP   |   0.000|
vga_green<4>|         9.749(F)|      SLOW  |         4.364(F)|      FAST  |n64_clock_BUFGP   |   0.000|
vga_green<5>|         9.549(F)|      SLOW  |         4.250(F)|      FAST  |n64_clock_BUFGP   |   0.000|
vga_green<6>|         9.994(F)|      SLOW  |         4.511(F)|      FAST  |n64_clock_BUFGP   |   0.000|
vga_hsync   |        10.142(F)|      SLOW  |         4.725(F)|      FAST  |n64_clock_BUFGP   |   0.000|
vga_red<1>  |         9.793(F)|      SLOW  |         4.436(F)|      FAST  |n64_clock_BUFGP   |   0.000|
vga_red<2>  |         9.793(F)|      SLOW  |         4.436(F)|      FAST  |n64_clock_BUFGP   |   0.000|
vga_red<3>  |        10.014(F)|      SLOW  |         4.571(F)|      FAST  |n64_clock_BUFGP   |   0.000|
vga_red<4>  |        10.018(F)|      SLOW  |         4.564(F)|      FAST  |n64_clock_BUFGP   |   0.000|
vga_red<5>  |        10.073(F)|      SLOW  |         4.612(F)|      FAST  |n64_clock_BUFGP   |   0.000|
vga_red<6>  |         9.915(F)|      SLOW  |         4.508(F)|      FAST  |n64_clock_BUFGP   |   0.000|
vga_vsync   |        10.457(F)|      SLOW  |         4.853(F)|      FAST  |n64_clock_BUFGP   |   0.000|
------------+-----------------+------------+-----------------+------------+------------------+--------+

Clock to Setup on destination clock n64_clock
---------------+---------+---------+---------+---------+
               | Src:Rise| Src:Fall| Src:Rise| Src:Fall|
Source Clock   |Dest:Rise|Dest:Rise|Dest:Fall|Dest:Fall|
---------------+---------+---------+---------+---------+
n64_clock      |    2.568|    4.803|    3.067|    5.171|
---------------+---------+---------+---------+---------+


Analysis completed Wed Feb 25 02:02:14 2015 
--------------------------------------------------------------------------------

Trace Settings:
-------------------------
Trace Settings 

Peak Memory Usage: 385 MB



