--------------------------------------------------------------------------------
Release 14.7 Trace  (lin64)
Copyright (c) 1995-2013 Xilinx, Inc.  All rights reserved.

/opt/Xilinx/14.7/ISE_DS/ISE/bin/lin64/unwrapped/trce -intstyle ise -v 3 -s 2 -n
3 -fastpaths -xml n6480.twx n6480.ncd -o n6480.twr n6480.pcf -ucf n6480.ucf

Design file:              n6480.ncd
Physical constraint file: n6480.pcf
Device,package,speed:     xc6slx4,cpg196,C,-2 (PRODUCTION 1.23 2013-10-13)
Report level:             verbose report

Environment Variable      Effect 
--------------------      ------ 
NONE                      No environment variables were set
--------------------------------------------------------------------------------

INFO:Timing:2698 - No timing constraints found, doing default enumeration.
INFO:Timing:3412 - To improve timing, see the Timing Closure User Guide (UG612).
INFO:Timing:2752 - To get complete path coverage, use the unconstrained paths 
   option. All paths that are not constrained will be reported in the 
   unconstrained paths section(s) of the report.
INFO:Timing:3339 - The clock-to-out numbers in this timing report are based on 
   a 50 Ohm transmission line loading model.  For the details of this model, 
   and for more information on accounting for different loading conditions, 
   please see the device datasheet.



Data Sheet report:
-----------------
All values displayed in nanoseconds (ns)

Setup/Hold to clock n64_clock
------------+------------+------------+------------+------------+------------------+--------+
            |Max Setup to|  Process   |Max Hold to |  Process   |                  | Clock  |
Source      | clk (edge) |   Corner   | clk (edge) |   Corner   |Internal Clock(s) | Phase  |
------------+------------+------------+------------+------------+------------------+--------+
n64_data<1> |    2.131(F)|      SLOW  |    0.011(F)|      SLOW  |n64_clock_BUFGP   |   0.000|
n64_data<2> |    2.836(F)|      SLOW  |   -0.353(F)|      FAST  |n64_clock_BUFGP   |   0.000|
n64_data<3> |    2.881(F)|      SLOW  |    0.187(F)|      SLOW  |n64_clock_BUFGP   |   0.000|
n64_data<4> |    2.651(F)|      SLOW  |   -0.286(F)|      FAST  |n64_clock_BUFGP   |   0.000|
n64_data<5> |    1.996(F)|      SLOW  |    0.397(F)|      SLOW  |n64_clock_BUFGP   |   0.000|
n64_data<6> |    2.218(F)|      SLOW  |    0.271(F)|      SLOW  |n64_clock_BUFGP   |   0.000|
n64_dsync_n |    2.107(F)|      SLOW  |   -0.208(F)|      FAST  |n64_clock_BUFGP   |   0.000|
------------+------------+------------+------------+------------+------------------+--------+

Clock n64_clock to Pad
------------+-----------------+------------+-----------------+------------+------------------+--------+
            |Max (slowest) clk|  Process   |Min (fastest) clk|  Process   |                  | Clock  |
Destination |  (edge) to PAD  |   Corner   |  (edge) to PAD  |   Corner   |Internal Clock(s) | Phase  |
------------+-----------------+------------+-----------------+------------+------------------+--------+
led<0>      |         8.941(F)|      SLOW  |         3.877(F)|      FAST  |n64_clock_BUFGP   |   0.000|
led<2>      |         8.991(F)|      SLOW  |         3.927(F)|      FAST  |n64_clock_BUFGP   |   0.000|
led<3>      |         8.991(F)|      SLOW  |         3.927(F)|      FAST  |n64_clock_BUFGP   |   0.000|
vga_blank   |         8.993(F)|      SLOW  |         3.929(F)|      FAST  |n64_clock_BUFGP   |   0.000|
vga_blue<1> |         8.812(F)|      SLOW  |         3.748(F)|      FAST  |n64_clock_BUFGP   |   0.000|
vga_blue<2> |         8.812(F)|      SLOW  |         3.748(F)|      FAST  |n64_clock_BUFGP   |   0.000|
vga_blue<3> |         8.814(F)|      SLOW  |         3.750(F)|      FAST  |n64_clock_BUFGP   |   0.000|
vga_blue<4> |         8.814(F)|      SLOW  |         3.750(F)|      FAST  |n64_clock_BUFGP   |   0.000|
vga_blue<5> |         8.759(F)|      SLOW  |         3.695(F)|      FAST  |n64_clock_BUFGP   |   0.000|
vga_blue<6> |         8.759(F)|      SLOW  |         3.695(F)|      FAST  |n64_clock_BUFGP   |   0.000|
vga_clk     |         8.993(F)|      SLOW  |         3.929(F)|      FAST  |n64_clock_BUFGP   |   0.000|
vga_green<1>|         8.761(F)|      SLOW  |         3.697(F)|      FAST  |n64_clock_BUFGP   |   0.000|
vga_green<2>|         8.763(F)|      SLOW  |         3.699(F)|      FAST  |n64_clock_BUFGP   |   0.000|
vga_green<3>|         8.763(F)|      SLOW  |         3.699(F)|      FAST  |n64_clock_BUFGP   |   0.000|
vga_green<4>|         8.755(F)|      SLOW  |         3.691(F)|      FAST  |n64_clock_BUFGP   |   0.000|
vga_green<5>|         8.755(F)|      SLOW  |         3.691(F)|      FAST  |n64_clock_BUFGP   |   0.000|
vga_green<6>|         8.757(F)|      SLOW  |         3.693(F)|      FAST  |n64_clock_BUFGP   |   0.000|
vga_hsync   |         8.985(F)|      SLOW  |         3.921(F)|      FAST  |n64_clock_BUFGP   |   0.000|
vga_red<1>  |         8.819(F)|      SLOW  |         3.755(F)|      FAST  |n64_clock_BUFGP   |   0.000|
vga_red<2>  |         8.819(F)|      SLOW  |         3.755(F)|      FAST  |n64_clock_BUFGP   |   0.000|
vga_red<3>  |         8.953(F)|      SLOW  |         3.889(F)|      FAST  |n64_clock_BUFGP   |   0.000|
vga_red<4>  |         8.953(F)|      SLOW  |         3.889(F)|      FAST  |n64_clock_BUFGP   |   0.000|
vga_red<5>  |         8.924(F)|      SLOW  |         3.860(F)|      FAST  |n64_clock_BUFGP   |   0.000|
vga_red<6>  |         8.935(F)|      SLOW  |         3.871(F)|      FAST  |n64_clock_BUFGP   |   0.000|
vga_vsync   |         8.985(F)|      SLOW  |         3.921(F)|      FAST  |n64_clock_BUFGP   |   0.000|
------------+-----------------+------------+-----------------+------------+------------------+--------+

Clock to Setup on destination clock n64_clock
---------------+---------+---------+---------+---------+
               | Src:Rise| Src:Fall| Src:Rise| Src:Fall|
Source Clock   |Dest:Rise|Dest:Rise|Dest:Fall|Dest:Fall|
---------------+---------+---------+---------+---------+
n64_clock      |    3.937|    3.699|    3.219|    6.450|
---------------+---------+---------+---------+---------+


Analysis completed Mon Mar 16 21:22:32 2015 
--------------------------------------------------------------------------------

Trace Settings:
-------------------------
Trace Settings 

Peak Memory Usage: 386 MB



