--------------------------------------------------------------------------------
Release 14.7 Trace  (lin64)
Copyright (c) 1995-2013 Xilinx, Inc.  All rights reserved.

/opt/Xilinx/14.7/ISE_DS/ISE/bin/lin64/unwrapped/trce -intstyle ise -v 3 -s 2 -n
3 -fastpaths -xml n6480.twx n6480.ncd -o n6480.twr n6480.pcf -ucf n6480.ucf

Design file:              n6480.ncd
Physical constraint file: n6480.pcf
Device,package,speed:     xc6slx4,cpg196,C,-2 (PRODUCTION 1.23 2013-10-13)
Report level:             verbose report

Environment Variable      Effect 
--------------------      ------ 
NONE                      No environment variables were set
--------------------------------------------------------------------------------

INFO:Timing:2698 - No timing constraints found, doing default enumeration.
INFO:Timing:3412 - To improve timing, see the Timing Closure User Guide (UG612).
INFO:Timing:2752 - To get complete path coverage, use the unconstrained paths 
   option. All paths that are not constrained will be reported in the 
   unconstrained paths section(s) of the report.
INFO:Timing:3339 - The clock-to-out numbers in this timing report are based on 
   a 50 Ohm transmission line loading model.  For the details of this model, 
   and for more information on accounting for different loading conditions, 
   please see the device datasheet.



Data Sheet report:
-----------------
All values displayed in nanoseconds (ns)

Setup/Hold to clock n64_clock
------------+------------+------------+------------+------------+------------------+--------+
            |Max Setup to|  Process   |Max Hold to |  Process   |                  | Clock  |
Source      | clk (edge) |   Corner   | clk (edge) |   Corner   |Internal Clock(s) | Phase  |
------------+------------+------------+------------+------------+------------------+--------+
n64_data<1> |    2.153(F)|      SLOW  |    0.396(F)|      SLOW  |n64_clock_BUFGP   |   0.000|
n64_data<2> |    1.982(F)|      SLOW  |   -0.070(F)|      SLOW  |n64_clock_BUFGP   |   0.000|
n64_data<3> |    1.635(F)|      SLOW  |    0.448(F)|      SLOW  |n64_clock_BUFGP   |   0.000|
n64_data<4> |    2.002(F)|      SLOW  |   -0.197(F)|      SLOW  |n64_clock_BUFGP   |   0.000|
n64_data<5> |    1.737(F)|      SLOW  |   -0.001(F)|      SLOW  |n64_clock_BUFGP   |   0.000|
n64_data<6> |    1.873(F)|      SLOW  |   -0.173(F)|      SLOW  |n64_clock_BUFGP   |   0.000|
n64_dsync_n |    1.662(F)|      SLOW  |    0.210(F)|      SLOW  |n64_clock_BUFGP   |   0.000|
------------+------------+------------+------------+------------+------------------+--------+

Clock n64_clock to Pad
------------+-----------------+------------+-----------------+------------+------------------+--------+
            |Max (slowest) clk|  Process   |Min (fastest) clk|  Process   |                  | Clock  |
Destination |  (edge) to PAD  |   Corner   |  (edge) to PAD  |   Corner   |Internal Clock(s) | Phase  |
------------+-----------------+------------+-----------------+------------+------------------+--------+
led<0>      |        11.518(F)|      SLOW  |         5.447(F)|      FAST  |n64_clock_BUFGP   |   0.000|
led<2>      |        11.459(F)|      SLOW  |         5.436(F)|      FAST  |n64_clock_BUFGP   |   0.000|
led<3>      |        11.556(F)|      SLOW  |         5.509(F)|      FAST  |n64_clock_BUFGP   |   0.000|
vga_blue<1> |        11.157(F)|      SLOW  |         5.226(F)|      FAST  |n64_clock_BUFGP   |   0.000|
vga_blue<2> |        10.094(F)|      SLOW  |         4.631(F)|      FAST  |n64_clock_BUFGP   |   0.000|
vga_blue<3> |        10.263(F)|      SLOW  |         4.715(F)|      FAST  |n64_clock_BUFGP   |   0.000|
vga_blue<4> |        10.196(F)|      SLOW  |         4.697(F)|      FAST  |n64_clock_BUFGP   |   0.000|
vga_blue<5> |         9.760(F)|      SLOW  |         4.438(F)|      FAST  |n64_clock_BUFGP   |   0.000|
vga_blue<6> |         9.828(F)|      SLOW  |         4.428(F)|      FAST  |n64_clock_BUFGP   |   0.000|
vga_green<1>|         9.749(F)|      SLOW  |         4.364(F)|      FAST  |n64_clock_BUFGP   |   0.000|
vga_green<2>|         9.922(F)|      SLOW  |         4.451(F)|      FAST  |n64_clock_BUFGP   |   0.000|
vga_green<3>|         9.548(F)|      SLOW  |         4.266(F)|      FAST  |n64_clock_BUFGP   |   0.000|
vga_green<4>|         9.369(F)|      SLOW  |         4.154(F)|      FAST  |n64_clock_BUFGP   |   0.000|
vga_green<5>|         9.367(F)|      SLOW  |         4.152(F)|      FAST  |n64_clock_BUFGP   |   0.000|
vga_green<6>|         9.508(F)|      SLOW  |         4.226(F)|      FAST  |n64_clock_BUFGP   |   0.000|
vga_hsync   |         9.810(F)|      SLOW  |         4.474(F)|      FAST  |n64_clock_BUFGP   |   0.000|
vga_red<1>  |        10.107(F)|      SLOW  |         4.729(F)|      FAST  |n64_clock_BUFGP   |   0.000|
vga_red<2>  |        10.382(F)|      SLOW  |         4.865(F)|      FAST  |n64_clock_BUFGP   |   0.000|
vga_red<3>  |        10.435(F)|      SLOW  |         4.882(F)|      FAST  |n64_clock_BUFGP   |   0.000|
vga_red<4>  |        10.083(F)|      SLOW  |         4.621(F)|      FAST  |n64_clock_BUFGP   |   0.000|
vga_red<5>  |        10.251(F)|      SLOW  |         4.652(F)|      FAST  |n64_clock_BUFGP   |   0.000|
vga_red<6>  |         9.842(F)|      SLOW  |         4.442(F)|      FAST  |n64_clock_BUFGP   |   0.000|
vga_vsync   |        10.578(F)|      SLOW  |         4.950(F)|      FAST  |n64_clock_BUFGP   |   0.000|
------------+-----------------+------------+-----------------+------------+------------------+--------+

Clock to Setup on destination clock n64_clock
---------------+---------+---------+---------+---------+
               | Src:Rise| Src:Fall| Src:Rise| Src:Fall|
Source Clock   |Dest:Rise|Dest:Rise|Dest:Fall|Dest:Fall|
---------------+---------+---------+---------+---------+
n64_clock      |    2.891|    5.134|    2.646|    5.709|
---------------+---------+---------+---------+---------+


Analysis completed Wed Feb 25 19:52:15 2015 
--------------------------------------------------------------------------------

Trace Settings:
-------------------------
Trace Settings 

Peak Memory Usage: 386 MB



