Release 14.7 - xst P.20131013 (lin64)
Copyright (c) 1995-2013 Xilinx, Inc.  All rights reserved.
--> 
Parameter TMPDIR set to xst/projnav.tmp


Total REAL time to Xst completion: 0.00 secs
Total CPU time to Xst completion: 0.03 secs
 
--> 
Parameter xsthdpdir set to xst


Total REAL time to Xst completion: 0.00 secs
Total CPU time to Xst completion: 0.03 secs
 
--> 
Reading design: rgbdac.prj

TABLE OF CONTENTS
  1) Synthesis Options Summary
  2) HDL Parsing
  3) HDL Elaboration
  4) HDL Synthesis
       4.1) HDL Synthesis Report
  5) Advanced HDL Synthesis
       5.1) Advanced HDL Synthesis Report
  6) Low Level Synthesis
  7) Partition Report
  8) Design Summary
       8.1) Primitive and Black Box Usage
       8.2) Device utilization summary
       8.3) Partition Resource Summary
       8.4) Timing Report
            8.4.1) Clock Information
            8.4.2) Asynchronous Control Signals Information
            8.4.3) Timing Summary
            8.4.4) Timing Details
            8.4.5) Cross Clock Domains Report


=========================================================================
*                      Synthesis Options Summary                        *
=========================================================================
---- Source Parameters
Input File Name                    : "rgbdac.prj"
Ignore Synthesis Constraint File   : NO

---- Target Parameters
Output File Name                   : "rgbdac"
Output Format                      : NGC
Target Device                      : xc6slx4-3-cpg196

---- Source Options
Top Module Name                    : rgbdac
Automatic FSM Extraction           : YES
FSM Encoding Algorithm             : Auto
Safe Implementation                : No
FSM Style                          : LUT
RAM Extraction                     : Yes
RAM Style                          : Auto
ROM Extraction                     : Yes
Shift Register Extraction          : YES
ROM Style                          : Auto
Resource Sharing                   : YES
Asynchronous To Synchronous        : NO
Shift Register Minimum Size        : 2
Use DSP Block                      : Auto
Automatic Register Balancing       : No

---- Target Options
LUT Combining                      : Auto
Reduce Control Sets                : Auto
Add IO Buffers                     : YES
Global Maximum Fanout              : 100000
Add Generic Clock Buffer(BUFG)     : 16
Register Duplication               : YES
Optimize Instantiated Primitives   : NO
Use Clock Enable                   : Auto
Use Synchronous Set                : Auto
Use Synchronous Reset              : Auto
Pack IO Registers into IOBs        : Auto
Equivalent register Removal        : YES

---- General Options
Optimization Goal                  : Speed
Optimization Effort                : 1
Power Reduction                    : NO
Keep Hierarchy                     : No
Netlist Hierarchy                  : As_Optimized
RTL Output                         : Yes
Global Optimization                : AllClockNets
Read Cores                         : YES
Write Timing Constraints           : NO
Cross Clock Analysis               : NO
Hierarchy Separator                : /
Bus Delimiter                      : <>
Case Specifier                     : Maintain
Slice Utilization Ratio            : 100
BRAM Utilization Ratio             : 100
DSP48 Utilization Ratio            : 100
Auto BRAM Packing                  : NO
Slice Utilization Ratio Delta      : 5

=========================================================================


=========================================================================
*                          HDL Parsing                                  *
=========================================================================
Parsing VHDL file "/home/moffitt/Development/N6480/Source/FD_MXILINX_rgbdac.vhd" into library work
Parsing entity <FD_MXILINX_rgbdac>.
Parsing architecture <SCHEMATIC> of entity <fd_mxilinx_rgbdac>.
Parsing VHDL file "/home/moffitt/Development/N6480/Source/SR4CE_MXILINX_rgbdac.vhd" into library work
Parsing entity <SR4CE_MXILINX_rgbdac>.
Parsing architecture <SCHEMATIC> of entity <sr4ce_mxilinx_rgbdac>.
Parsing VHDL file "/home/moffitt/Development/N6480/Source/FD4_MXILINX_rgbdac.vhd" into library work
Parsing entity <FD4_MXILINX_rgbdac>.
Parsing architecture <SCHEMATIC> of entity <fd4_mxilinx_rgbdac>.
Parsing VHDL file "/home/moffitt/Development/N6480/Source/rgbdac.vhd" into library work
Parsing entity <rgbdac>.
Parsing architecture <SCHEMATIC> of entity <rgbdac>.

=========================================================================
*                            HDL Elaboration                            *
=========================================================================

Elaborating entity <rgbdac> (architecture <SCHEMATIC>) from library <work>.

Elaborating entity <FD4_MXILINX_rgbdac> (architecture <SCHEMATIC>) from library <work>.

Elaborating entity <FD_MXILINX_rgbdac> (architecture <SCHEMATIC>) from library <work>.

Elaborating entity <SR4CE_MXILINX_rgbdac> (architecture <SCHEMATIC>) from library <work>.

=========================================================================
*                           HDL Synthesis                               *
=========================================================================

Synthesizing Unit <rgbdac>.
    Related source file is "/home/moffitt/Development/N6480/Source/rgbdac.vhd".
    Set property "KEEP_HIERARCHY = TRUE" for instance <XLXI_27>.
    Set property "KEEP_HIERARCHY = TRUE" for instance <XLXI_28>.
    Set property "KEEP_HIERARCHY = TRUE" for instance <XLXI_29>.
    Set property "KEEP_HIERARCHY = TRUE" for instance <XLXI_30>.
    Set property "KEEP_HIERARCHY = TRUE" for instance <XLXI_31>.
    Set property "KEEP_HIERARCHY = TRUE" for instance <XLXI_32>.
    Set property "KEEP_HIERARCHY = TRUE" for instance <XLXI_33>.
WARNING:Xst:37 - Detected unknown constraint/property "fpga_dont_touch". This constraint/property is not supported by the current software release and will be ignored.
WARNING:Xst:37 - Detected unknown constraint/property "fpga_dont_touch". This constraint/property is not supported by the current software release and will be ignored.
WARNING:Xst:37 - Detected unknown constraint/property "fpga_dont_touch". This constraint/property is not supported by the current software release and will be ignored.
WARNING:Xst:37 - Detected unknown constraint/property "fpga_dont_touch". This constraint/property is not supported by the current software release and will be ignored.
WARNING:Xst:37 - Detected unknown constraint/property "fpga_dont_touch". This constraint/property is not supported by the current software release and will be ignored.
WARNING:Xst:37 - Detected unknown constraint/property "fpga_dont_touch". This constraint/property is not supported by the current software release and will be ignored.
    Set property "KEEP_HIERARCHY = TRUE" for instance <XLXI_75>.
WARNING:Xst:37 - Detected unknown constraint/property "fpga_dont_touch". This constraint/property is not supported by the current software release and will be ignored.
INFO:Xst:3210 - "/home/moffitt/Development/N6480/Source/rgbdac.vhd" line 111: Output port <Q3> of the instance <XLXI_31> is unconnected or connected to loadless signal.
INFO:Xst:3210 - "/home/moffitt/Development/N6480/Source/rgbdac.vhd" line 115: Output port <Q3> of the instance <XLXI_32> is unconnected or connected to loadless signal.
INFO:Xst:3210 - "/home/moffitt/Development/N6480/Source/rgbdac.vhd" line 119: Output port <Q3> of the instance <XLXI_33> is unconnected or connected to loadless signal.
    Summary:
	no macro.
Unit <rgbdac> synthesized.

Synthesizing Unit <FD4_MXILINX_rgbdac>.
    Related source file is "/home/moffitt/Development/N6480/Source/FD4_MXILINX_rgbdac.vhd".
    Set property "KEEP_HIERARCHY = TRUE" for instance <U3>.
    Set property "KEEP_HIERARCHY = TRUE" for instance <U1>.
    Set property "KEEP_HIERARCHY = TRUE" for instance <U0>.
    Set property "KEEP_HIERARCHY = TRUE" for instance <U2>.
    Summary:
	no macro.
Unit <FD4_MXILINX_rgbdac> synthesized.

Synthesizing Unit <FD_MXILINX_rgbdac>.
    Related source file is "/home/moffitt/Development/N6480/Source/FD_MXILINX_rgbdac.vhd".
WARNING:Xst:37 - Detected unknown constraint/property "fpga_dont_touch". This constraint/property is not supported by the current software release and will be ignored.
WARNING:Xst:37 - Detected unknown constraint/property "fpga_dont_touch". This constraint/property is not supported by the current software release and will be ignored.
    Summary:
	no macro.
Unit <FD_MXILINX_rgbdac> synthesized.

Synthesizing Unit <SR4CE_MXILINX_rgbdac>.
    Related source file is "/home/moffitt/Development/N6480/Source/SR4CE_MXILINX_rgbdac.vhd".
WARNING:Xst:37 - Detected unknown constraint/property "fpga_dont_touch". This constraint/property is not supported by the current software release and will be ignored.
WARNING:Xst:37 - Detected unknown constraint/property "fpga_dont_touch". This constraint/property is not supported by the current software release and will be ignored.
WARNING:Xst:37 - Detected unknown constraint/property "fpga_dont_touch". This constraint/property is not supported by the current software release and will be ignored.
WARNING:Xst:37 - Detected unknown constraint/property "fpga_dont_touch". This constraint/property is not supported by the current software release and will be ignored.
    Summary:
	no macro.
Unit <SR4CE_MXILINX_rgbdac> synthesized.

=========================================================================
HDL Synthesis Report

Found no macro
=========================================================================

=========================================================================
*                       Advanced HDL Synthesis                          *
=========================================================================


=========================================================================
Advanced HDL Synthesis Report

Macro Statistics
# Registers                                            : 32
 Flip-Flops                                            : 32

=========================================================================

=========================================================================
*                         Low Level Synthesis                           *
=========================================================================

Optimizing unit <rgbdac> ...

Optimizing unit <FD4_MXILINX_rgbdac> ...

Optimizing unit <FD_MXILINX_rgbdac> ...

Optimizing unit <SR4CE_MXILINX_rgbdac> ...

Mapping all equations...
Building and optimizing final netlist ...
Found area constraint ratio of 100 (+ 5) on block rgbdac, actual ratio is 0.

Final Macro Processing ...

=========================================================================
Final Register Report

Macro Statistics
# Registers                                            : 32
 Flip-Flops                                            : 32

=========================================================================

=========================================================================
*                           Partition Report                            *
=========================================================================

Partition Implementation Status
-------------------------------

  No Partitions were found in this design.

-------------------------------

=========================================================================
*                            Design Summary                             *
=========================================================================

Top Level Output File Name         : rgbdac.ngc

Primitive and Black Box Usage:
------------------------------
# BELS                             : 4
#      GND                         : 1
#      INV                         : 2
#      VCC                         : 1
# FlipFlops/Latches                : 32
#      FD                          : 28
#      FDCE                        : 4
# Clock Buffers                    : 1
#      BUFGP                       : 1
# IO Buffers                       : 33
#      IBUF                        : 8
#      OBUF                        : 25

Device utilization summary:
---------------------------

Selected Device : 6slx4cpg196-3 


Slice Logic Utilization: 
 Number of Slice Registers:              32  out of   4800     0%  
 Number of Slice LUTs:                    2  out of   2400     0%  
    Number used as Logic:                 2  out of   2400     0%  

Slice Logic Distribution: 
 Number of LUT Flip Flop pairs used:     34
   Number with an unused Flip Flop:       2  out of     34     5%  
   Number with an unused LUT:            32  out of     34    94%  
   Number of fully used LUT-FF pairs:     0  out of     34     0%  
   Number of unique control sets:        29

IO Utilization: 
 Number of IOs:                          34
 Number of bonded IOBs:                  34  out of    106    32%  

Specific Feature Utilization:
 Number of BUFG/BUFGCTRLs:                1  out of     16     6%  

---------------------------
Partition Resource Summary:
---------------------------

  No Partitions were found in this design.

---------------------------


=========================================================================
Timing Report

NOTE: THESE TIMING NUMBERS ARE ONLY A SYNTHESIS ESTIMATE.
      FOR ACCURATE TIMING INFORMATION PLEASE REFER TO THE TRACE REPORT
      GENERATED AFTER PLACE-and-ROUTE.

Clock Information:
------------------
-----------------------------------+------------------------+-------+
Clock Signal                       | Clock buffer(FF name)  | Load  |
-----------------------------------+------------------------+-------+
XLXI_75/Q3                         | NONE(XLXI_33/U2/U0)    | 8     |
XLXI_75/Q2                         | NONE(XLXI_32/U2/U0)    | 8     |
XLXI_75/Q1                         | NONE(XLXI_31/U2/U0)    | 8     |
XLXI_75/Q0                         | NONE(XLXI_30/U2/U0)    | 4     |
clock                              | BUFGP                  | 4     |
-----------------------------------+------------------------+-------+
INFO:Xst:2169 - HDL ADVISOR - Some clock signals were not automatically buffered by XST with BUFG/BUFR resources. Please use the buffer_type constraint in order to insert these buffers to the clock signals to help prevent skew problems.

Asynchronous Control Signals Information:
----------------------------------------
No asynchronous control signals found in this design

Timing Summary:
---------------
Speed Grade: -3

   Minimum period: 1.378ns (Maximum Frequency: 725.821MHz)
   Minimum input arrival time before clock: 3.050ns
   Maximum output required time after clock: 3.597ns
   Maximum combinational path delay: No path found

Timing Details:
---------------
All values displayed in nanoseconds (ns)

=========================================================================
Timing constraint: Default period analysis for Clock 'clock'
  Clock period: 1.378ns (frequency: 725.821MHz)
  Total number of paths / destination ports: 3 / 3
-------------------------------------------------------------------------
Delay:               1.378ns (Levels of Logic = 0)
  Source:            XLXI_75/U2 (FF)
  Destination:       XLXI_75/U3 (FF)
  Source Clock:      clock falling
  Destination Clock: clock falling

  Data Path: XLXI_75/U2 to XLXI_75/U3
                                Gate     Net
    Cell:in->out      fanout   Delay   Delay  Logical Name (Net Name)
    ----------------------------------------  ------------
     FDCE:C->Q             9   0.447   0.829  U2 (Q2)
     FDCE:D                    0.102          U3
    ----------------------------------------
    Total                      1.378ns (0.549ns logic, 0.829ns route)
                                       (39.8% logic, 60.2% route)

=========================================================================
Timing constraint: Default OFFSET IN BEFORE for Clock 'XLXI_75/Q3'
  Total number of paths / destination ports: 7 / 7
-------------------------------------------------------------------------
Offset:              2.007ns (Levels of Logic = 2)
  Source:            inp<2> (PAD)
  Destination:       XLXI_29/U2/U0 (FF)
  Destination Clock: XLXI_75/Q3 rising

  Data Path: inp<2> to XLXI_29/U2/U0
                                Gate     Net
    Cell:in->out      fanout   Delay   Delay  Logical Name (Net Name)
    ----------------------------------------  ------------
     IBUF:I->O             4   1.222   0.683  inp_2_IBUF (inp_2_IBUF)
     begin scope: 'XLXI_29:D2'
     begin scope: 'XLXI_29/U2:D'
     FD:D                      0.102          U0
    ----------------------------------------
    Total                      2.007ns (1.324ns logic, 0.683ns route)
                                       (66.0% logic, 34.0% route)

=========================================================================
Timing constraint: Default OFFSET IN BEFORE for Clock 'XLXI_75/Q2'
  Total number of paths / destination ports: 7 / 7
-------------------------------------------------------------------------
Offset:              2.007ns (Levels of Logic = 2)
  Source:            inp<2> (PAD)
  Destination:       XLXI_28/U2/U0 (FF)
  Destination Clock: XLXI_75/Q2 rising

  Data Path: inp<2> to XLXI_28/U2/U0
                                Gate     Net
    Cell:in->out      fanout   Delay   Delay  Logical Name (Net Name)
    ----------------------------------------  ------------
     IBUF:I->O             4   1.222   0.683  inp_2_IBUF (inp_2_IBUF)
     begin scope: 'XLXI_28:D2'
     begin scope: 'XLXI_28/U2:D'
     FD:D                      0.102          U0
    ----------------------------------------
    Total                      2.007ns (1.324ns logic, 0.683ns route)
                                       (66.0% logic, 34.0% route)

=========================================================================
Timing constraint: Default OFFSET IN BEFORE for Clock 'XLXI_75/Q1'
  Total number of paths / destination ports: 7 / 7
-------------------------------------------------------------------------
Offset:              2.007ns (Levels of Logic = 2)
  Source:            inp<2> (PAD)
  Destination:       XLXI_27/U2/U0 (FF)
  Destination Clock: XLXI_75/Q1 rising

  Data Path: inp<2> to XLXI_27/U2/U0
                                Gate     Net
    Cell:in->out      fanout   Delay   Delay  Logical Name (Net Name)
    ----------------------------------------  ------------
     IBUF:I->O             4   1.222   0.683  inp_2_IBUF (inp_2_IBUF)
     begin scope: 'XLXI_27:D2'
     begin scope: 'XLXI_27/U2:D'
     FD:D                      0.102          U0
    ----------------------------------------
    Total                      2.007ns (1.324ns logic, 0.683ns route)
                                       (66.0% logic, 34.0% route)

=========================================================================
Timing constraint: Default OFFSET IN BEFORE for Clock 'XLXI_75/Q0'
  Total number of paths / destination ports: 4 / 4
-------------------------------------------------------------------------
Offset:              2.007ns (Levels of Logic = 2)
  Source:            inp<2> (PAD)
  Destination:       XLXI_30/U2/U0 (FF)
  Destination Clock: XLXI_75/Q0 rising

  Data Path: inp<2> to XLXI_30/U2/U0
                                Gate     Net
    Cell:in->out      fanout   Delay   Delay  Logical Name (Net Name)
    ----------------------------------------  ------------
     IBUF:I->O             4   1.222   0.683  inp_2_IBUF (inp_2_IBUF)
     begin scope: 'XLXI_30:D2'
     begin scope: 'XLXI_30/U2:D'
     FD:D                      0.102          U0
    ----------------------------------------
    Total                      2.007ns (1.324ns logic, 0.683ns route)
                                       (66.0% logic, 34.0% route)

=========================================================================
Timing constraint: Default OFFSET IN BEFORE for Clock 'clock'
  Total number of paths / destination ports: 1 / 1
-------------------------------------------------------------------------
Offset:              3.050ns (Levels of Logic = 3)
  Source:            nclear (PAD)
  Destination:       XLXI_75/U0 (FF)
  Destination Clock: clock falling

  Data Path: nclear to XLXI_75/U0
                                Gate     Net
    Cell:in->out      fanout   Delay   Delay  Logical Name (Net Name)
    ----------------------------------------  ------------
     IBUF:I->O             1   1.222   0.579  nclear_IBUF (nclear_IBUF)
     INV:I->O              1   0.568   0.579  XLXI_73 (XLXN_201)
     begin scope: 'XLXI_75:SLI'
     FDCE:D                    0.102          U0
    ----------------------------------------
    Total                      3.050ns (1.892ns logic, 1.158ns route)
                                       (62.0% logic, 38.0% route)

=========================================================================
Timing constraint: Default OFFSET OUT AFTER for Clock 'XLXI_75/Q3'
  Total number of paths / destination ports: 7 / 7
-------------------------------------------------------------------------
Offset:              3.597ns (Levels of Logic = 2)
  Source:            XLXI_29/U0/U0 (FF)
  Destination:       b0 (PAD)
  Source Clock:      XLXI_75/Q3 rising

  Data Path: XLXI_29/U0/U0 to b0
                                Gate     Net
    Cell:in->out      fanout   Delay   Delay  Logical Name (Net Name)
    ----------------------------------------  ------------
     FD:C->Q               1   0.447   0.579  U0 (Q)
     end scope: 'XLXI_29/U0:Q'
     end scope: 'XLXI_29:Q0'
     OBUF:I->O                 2.571          b0_OBUF (b0)
    ----------------------------------------
    Total                      3.597ns (3.018ns logic, 0.579ns route)
                                       (83.9% logic, 16.1% route)

=========================================================================
Timing constraint: Default OFFSET OUT AFTER for Clock 'XLXI_75/Q0'
  Total number of paths / destination ports: 4 / 4
-------------------------------------------------------------------------
Offset:              3.597ns (Levels of Logic = 2)
  Source:            XLXI_30/U2/U0 (FF)
  Destination:       clamp (PAD)
  Source Clock:      XLXI_75/Q0 rising

  Data Path: XLXI_30/U2/U0 to clamp
                                Gate     Net
    Cell:in->out      fanout   Delay   Delay  Logical Name (Net Name)
    ----------------------------------------  ------------
     FD:C->Q               1   0.447   0.579  U0 (Q)
     end scope: 'XLXI_30/U2:Q'
     end scope: 'XLXI_30:Q2'
     OBUF:I->O                 2.571          clamp_OBUF (clamp)
    ----------------------------------------
    Total                      3.597ns (3.018ns logic, 0.579ns route)
                                       (83.9% logic, 16.1% route)

=========================================================================
Timing constraint: Default OFFSET OUT AFTER for Clock 'XLXI_75/Q2'
  Total number of paths / destination ports: 7 / 7
-------------------------------------------------------------------------
Offset:              3.597ns (Levels of Logic = 2)
  Source:            XLXI_28/U0/U0 (FF)
  Destination:       g0 (PAD)
  Source Clock:      XLXI_75/Q2 rising

  Data Path: XLXI_28/U0/U0 to g0
                                Gate     Net
    Cell:in->out      fanout   Delay   Delay  Logical Name (Net Name)
    ----------------------------------------  ------------
     FD:C->Q               1   0.447   0.579  U0 (Q)
     end scope: 'XLXI_28/U0:Q'
     end scope: 'XLXI_28:Q0'
     OBUF:I->O                 2.571          g0_OBUF (g0)
    ----------------------------------------
    Total                      3.597ns (3.018ns logic, 0.579ns route)
                                       (83.9% logic, 16.1% route)

=========================================================================
Timing constraint: Default OFFSET OUT AFTER for Clock 'XLXI_75/Q1'
  Total number of paths / destination ports: 7 / 7
-------------------------------------------------------------------------
Offset:              3.597ns (Levels of Logic = 2)
  Source:            XLXI_27/U0/U0 (FF)
  Destination:       r0 (PAD)
  Source Clock:      XLXI_75/Q1 rising

  Data Path: XLXI_27/U0/U0 to r0
                                Gate     Net
    Cell:in->out      fanout   Delay   Delay  Logical Name (Net Name)
    ----------------------------------------  ------------
     FD:C->Q               1   0.447   0.579  U0 (Q)
     end scope: 'XLXI_27/U0:Q'
     end scope: 'XLXI_27:Q0'
     OBUF:I->O                 2.571          r0_OBUF (r0)
    ----------------------------------------
    Total                      3.597ns (3.018ns logic, 0.579ns route)
                                       (83.9% logic, 16.1% route)

=========================================================================

Cross Clock Domains Report:
--------------------------

Clock to Setup on destination clock clock
---------------+---------+---------+---------+---------+
               | Src:Rise| Src:Fall| Src:Rise| Src:Fall|
Source Clock   |Dest:Rise|Dest:Rise|Dest:Fall|Dest:Fall|
---------------+---------+---------+---------+---------+
clock          |         |         |    1.378|         |
---------------+---------+---------+---------+---------+

=========================================================================


Total REAL time to Xst completion: 4.00 secs
Total CPU time to Xst completion: 3.79 secs
 
--> 


Total memory usage is 391576 kilobytes

Number of errors   :    0 (   0 filtered)
Number of warnings :   13 (   0 filtered)
Number of infos    :    4 (   0 filtered)

